[mahakalofficialbook.com/index.html]
[mahakalofficialbook.com/uploads/setting/c2331251e54f93bbf6fa94db8cabb4c9.jpg]
[backblue.gif]
[fade.gif]
[index.html]
[mahakalofficialbook.com/assets/md/css/owl.css]
[mahakalofficialbook.com/assets/md/css/main.css]
[mahakalofficialbook.com/assets/md/css/responsive.css]
[mahakalofficialbook.com/assets/md/js/jquery.min.js]
[mahakalofficialbook.com/assets/md/js/owl.js]
[mahakalofficialbook.com/assets/md/js/at-jquery.js]
[cdnjs.cloudflare.com/ajax/libs/font-awesome/4.7.0/css/font-awesome.min.css]
[cdnjs.cloudflare.com/ajax/libs/OwlCarousel2/2.3.4/assets/owl.carousel.min.css]
[cdnjs.cloudflare.com/ajax/libs/OwlCarousel2/2.3.4/assets/owl.theme.default.css]
[cdnjs.cloudflare.com/ajax/libs/OwlCarousel2/2.2.1/owl.carousel.js]
[mahakalofficialbook.com/uploads/setting/5a1f8b3357be4f5579909d3e5ddae994.png]
[mahakalofficialbook.com/assets/md/images/players.webp]
[mahakalofficialbook.com/assets/md/images/g9.webp]
[mahakalofficialbook.com/assets/md/images/g1.webp]
[mahakalofficialbook.com/assets/md/images/g2.webp]
[mahakalofficialbook.com/assets/md/images/g3.webp]
[mahakalofficialbook.com/assets/md/images/g4.webp]
[mahakalofficialbook.com/assets/md/images/g5.webp]
[mahakalofficialbook.com/assets/md/images/g6.webp]
[mahakalofficialbook.com/assets/md/images/g7.webp]
[mahakalofficialbook.com/assets/md/images/g8.webp]
[mahakalofficialbook.com/assets/md/images/sky.png]
[mahakalofficialbook.com/uploads/images/c619d0babdf62daf62908631f7fd3266.jpg]
[mahakalofficialbook.com/uploads/images/ee365a8a37db2c1c111ed21bc967717b.jpg]
[mahakalofficialbook.com/uploads/images/f276b2d8899bbb0f9b6a5ba58ece06d2.jpg]
[mahakalofficialbook.com/uploads/images/61f975b664342e421368b5f7f1a745eb.jpg]
[mahakalofficialbook.com/assets/md/images/girl.webp]
[mahakalofficialbook.com/assets/md/images/wheel.webp]
[mahakalofficialbook.com/assets/md/images/wheel2.webp]
[mahakalofficialbook.com/assets/md/images/wheelcircle.webp]
[mahakalofficialbook.com/assets/md/images/coins.webp]
[mahakalofficialbook.com/assets/md/images/kot.webp]
[mahakalofficialbook.com/uploads/slider/e5014559b648f988792efda918d1af96.jpg]
[mahakalofficialbook.com/uploads/slider/8000c48780c4631b90f63437853270c7.jpg]
[mahakalofficialbook.com/uploads/slider/7f6aba66e4cd9c6eaa6704b33ddeee11.jpg]
[mahakalofficialbook.com/uploads/slider/3658a1d286894b2739e2e073e0d787e6.jpg]
[mahakalofficialbook.com/assets/md/images/cricket.png]
[mahakalofficialbook.com/assets/md/images/close.webp]
[mahakalofficialbook.com/assets/md/images/insta.webp]
[mahakalofficialbook.com/uploads/images/c9f4e624a0c45847a0a5c7a6e95b37b9.jpg]
[mahakalofficialbook.com/uploads/images/dd44c7b3f026d28236b6c847cf2060fb.jpg]
[mahakalofficialbook.com/uploads/images/a59d6fcd4674fc2db6b43b1db35f3474.jpg]
[mahakalofficialbook.com/uploads/images/ccb6ab35a42b3c49c98114dcbfaaecd3.jpg]
[mahakalofficialbook.com/assets/md/images/plus18.webp]
[mahakalofficialbook.com/assets/md/images/restricted.webp]
[mahakalofficialbook.com/index.html]
[mahakalofficialbook.com/assets/md/css/owl.css]
[mahakalofficialbook.com/assets/md/images/bnr.webp]
[mahakalofficialbook.com/assets/md/images/bg.webp]
[mahakalofficialbook.com/assets/md/images/bg3.webp]
[mahakalofficialbook.com/assets/md/images/bg4.webp]
[mahakalofficialbook.com/assets/md/images/prv.webp]
[mahakalofficialbook.com/assets/md/images/nxt.webp]
[mahakalofficialbook.com/assets/md/images/bg5.webp]
[mahakalofficialbook.com/assets/md/images/spritesports.webp]
[mahakalofficialbook.com/assets/md/images/celebspirte.webp]
[mahakalofficialbook.com/assets/md/images/spritessites.webp]
[mahakalofficialbook.com/assets/md/images/spritebanner.webp]
[mahakalofficialbook.com/assets/md/css/main.css]
[mahakalofficialbook.com/assets/md/css/responsive.css]
[cdnjs.cloudflare.com/ajax/libs/font-awesome/4.7.0/css/font-awesome.min.css]
[cdnjs.cloudflare.com/ajax/libs/OwlCarousel2/2.3.4/assets/owl.video.play.png]
[cdnjs.cloudflare.com/ajax/libs/OwlCarousel2/2.3.4/assets/owl.carousel.min.css]
[cdnjs.cloudflare.com/ajax/libs/OwlCarousel2/2.3.4/assets/owl.theme.default.css]
[mahakalofficialbook.com/assets/md/images/prv.html]
[mahakalofficialbook.com/assets/md/images/nxt.html]
